// Jest Snapshot v1, https://goo.gl/fbAQLP

exports[`CheckpointCard component should render correctly 1`] = `ShallowWrapper {}`;
